{
  "virtual_hosts": [
   {
    "name": "httpsbin.default.svc.cluster.local|https",
    "domains": [
     "httpsbin:443",
     "httpsbin",
     "httpsbin.default:443",
     "httpsbin.default",
     "httpsbin.default.svc:443",
     "httpsbin.default.svc",
     "httpsbin.default.svc.cluster:443",
     "httpsbin.default.svc.cluster",
     "httpsbin.default.svc.cluster.local:443",
     "httpsbin.default.svc.cluster.local"
    ],
    "routes": [
     {
      "prefix": "/",
      "host_rewrite": "httpsbin.default.svc.cluster.local",
      "cluster": "out.242bc3028e0f3fe0682e6d972e167ab415b2321d"
     }
    ]
   }
  ]
 }